// Jest Snapshot v1, https://goo.gl/fbAQLP

exports[`StylePicker should match snapshot 1`] = `
<div
  class="MuiFormGroup-root root root"
/>
`;
